 -- DIGIBANK ENCRYPTED BEGIN --
GDnyKh9MKuCyAjSOvhv/95/PUxkR7zM+dackfFC3Usrfw3alRUiJBRbMeze7WCkz
6gkWYvm/v0djRm/oswfvx3ZT6EPo2GMcsfo4BZrbPD0cczM+AjMXpmbAIEGFfrxf
XnUsQDwlr3I/y3ORx5NF6aPFHPDMvBquEokEHGXoT66OLZJbyw1nvBEu3aAWYxbm
+VN3zoaOxcWcybUmOuuKJixLUQ0wOoiTOnWClzJJ3fpyerDDAVksRaXJImPAUz4N
4T57w7WRF372s4y4j0JxT5he/hUr+XRqu+h2+dxjZcNk6wAPyOsr2y0PxPc5UJDy
vlfjQ9u/1+yUTRYx8X8nitPVW0jafZ8SYQsci1rDsEyTTLlWxX+MBro6SAR2Lglx
c/G09y87h0QvHG+eSM62Uo38fioYknhHm8eo1EWVBKqFVz8qJFKv2qJLkAwM5I2V
zaJTbkZoX1ujNg0jc4rSfscL6lfHP669mu+80KMLxjSQid1p9kFYY4q0XJwhUHkE
qVNIZn/xuQ2ajtMXHe8y3I7lvLiPFI8YR8xVGcnDtE/OUwsoBCxKCG3ysLaeq976
d9u6Ozdeb8BvzKJSC893HoxuHRSe62rAPX4sE+zTikwE9QchHGl3UHPS29zZzbI0
AJdzqn3rMfB/7tFm19BRl4W9ivR8jTWCD3loP7RsCwh1l5u4ZjqJxcI8F8U6x/y5
EceDKtvXRUoPuDEX5SIP7jP4BLnL93fLvgyGKhS0tWYV1lNNnYNrJuOdVx41Lbqb
020+LGmM7ir7Jhbe+dB+blLS/G4su+e1E1UOji+Db7PmJ+rhX/IjB9AlDoibFvBn
KMhyGCFZmNCvTJNyUbnI72iC9gZxiaIKnzaZUQ4tezOFDI/on7pdy4VrjXN0gg/t
NzpEhUdic5z+gUH2ef7/6RU42qh6YYplsWkns+PE16Cq9SjLePo4AsDzHzgy2zA0
y5oJhQzs55A2qJsuGzoQr2SSYLHRtoq/Z7XRi/WRe2X04Ht+2giq7WxC0Hiui+A8
AYnqAQ6gYRYfOUuLTAgyrMLXwbsEJ0b3zBX3UqyndADM1qBKdbY8YUGMCfnXcF9h
mjzGWjT6s4CmpAwWS57dZGb93ppNa8XMo7Pp6qagKVkuEU/GGsTDu7Y2U8U5t3md
/Vbkvx8eYvGGe2jc+WYPDtcDp2xIDiai4U/sVPMuIQYmfx8jygatGLN6HphCh+oy
+csLIx7XIEFj+8C2d1bPWrVEzdgmfkYmo4E14TdMDFuzlTZs658Lr00DO8DN58L9
1+3afBS2O+MNEeeAy9wDT6wHgsOPy7jlEnQSmUs2nvIxNriAcJp7pt67sacmcMr9
ILiLvduiWgb4YrdFVRaGtw==
 -- DIGIBANK ENCRYPTED ENDED --


